// Jest Snapshot v1, https://goo.gl/fbAQLP

exports[`eslint: fix file fix --fix -f json 1`] = `"[{\\"filePath\\":\\"/tmp/xd-eslint-test/index.js\\",\\"messages\\":[],\\"errorCount\\":0,\\"warningCount\\":0,\\"fixableErrorCount\\":0,\\"fixableWarningCount\\":0,\\"output\\":\\"console.log('test');\\\\n\\"}]"`;

exports[`eslint: fix file fix --fix-dry-run -f json 1`] = `"[{\\"filePath\\":\\"/tmp/xd-eslint-test/index.js\\",\\"messages\\":[],\\"errorCount\\":0,\\"warningCount\\":0,\\"fixableErrorCount\\":0,\\"fixableWarningCount\\":0,\\"output\\":\\"console.log('test');\\\\n\\"}]"`;

exports[`eslint: fix file fix --stdin --fix-dry-run -f json 1`] = `"[{\\"filePath\\":\\"<text>\\",\\"messages\\":[],\\"errorCount\\":0,\\"warningCount\\":0,\\"fixableErrorCount\\":0,\\"fixableWarningCount\\":0,\\"output\\":\\"console.log('test');\\\\n\\"}]"`;

exports[`eslint: fix file fix --stdin --stdin-filename "filename" --fix-dry-run -f json 1`] = `"[{\\"filePath\\":\\"/tmp/xd-eslint-test/index.js\\",\\"messages\\":[],\\"errorCount\\":0,\\"warningCount\\":0,\\"fixableErrorCount\\":0,\\"fixableWarningCount\\":0,\\"output\\":\\"console.log('test');\\\\n\\"}]"`;

exports[`eslint: lint file lint --stdin -f json 1`] = `
"[{\\"filePath\\":\\"/tmp/xd-eslint-test/index.js\\",\\"messages\\":[{\\"ruleId\\":\\"semi\\",\\"severity\\":2,\\"message\\":\\"Missing semicolon.\\",\\"line\\":1,\\"column\\":20,\\"nodeType\\":\\"ExpressionStatement\\",\\"fix\\":{\\"range\\":[19,19],\\"text\\":\\";\\"}}],\\"errorCount\\":1,\\"warningCount\\":0,\\"fixableErrorCount\\":1,\\"fixableWarningCount\\":0,\\"source\\":\\"console.log('test')\\\\n\\"}]
"
`;

exports[`eslint: lint file lint -f json 1`] = `
"[{\\"filePath\\":\\"/tmp/xd-eslint-test/index.js\\",\\"messages\\":[{\\"ruleId\\":\\"semi\\",\\"severity\\":2,\\"message\\":\\"Missing semicolon.\\",\\"line\\":1,\\"column\\":20,\\"nodeType\\":\\"ExpressionStatement\\",\\"fix\\":{\\"range\\":[19,19],\\"text\\":\\";\\"}}],\\"errorCount\\":1,\\"warningCount\\":0,\\"fixableErrorCount\\":1,\\"fixableWarningCount\\":0,\\"source\\":\\"console.log('test')\\\\n\\"}]
"
`;
